// Jest Snapshot v1, https://goo.gl/fbAQLP

exports[`renders correctly 1`] = `
<DocumentFragment>
  <div
    class="App"
  >
    <header
      class="App-header"
    >
      <div
        class="banner"
      >
        <h1>
          You Cook
        </h1>
      </div>
    </header>
    <section
      class="search"
    >
      <h2>
        Find Recipes
      </h2>
      <form>
        <input
          id="searchField"
          name="searchField"
          placeholder="Enter food to search"
          required=""
          type="text"
          value=""
        />
        <button
          type="submit"
        >
          Search Recipes
        </button>
        <p
          class="noShowPrompt"
        >
          Scroll down to see results
        </p>
        <div
          class="checkboxes"
        >
          <fieldset
            class="restrictions"
          >
            <legend>
              Restrictions
            </legend>
            <label
              for="gluten-free"
            >
              <input
                id="gluten-free"
                type="checkbox"
              />
              Gluten-free
            </label>
            <label
              for="dairy-free"
            >
              <input
                id="dairy-free"
                type="checkbox"
              />
              Dairy-free
            </label>
            <label
              for="vegetarian"
            >
              <input
                id="vegetarian"
                type="checkbox"
              />
              Vegetarian
            </label>
            <label
              for="vegan"
            >
              <input
                id="vegan"
                type="checkbox"
              />
              Vegan
            </label>
            <label
              for="egg-free"
            >
              <input
                id="egg-free"
                type="checkbox"
              />
              Egg-free
            </label>
            <label
              for="peanut-free"
            >
              <input
                id="peanut-free"
                type="checkbox"
              />
              Peanut-free
            </label>
            <label
              for="tree-nut-free"
            >
              <input
                id="tree-nut-free"
                type="checkbox"
              />
              Tree-nut-free
            </label>
            <label
              for="shellfish-free"
            >
              <input
                id="shellfish-free"
                type="checkbox"
              />
              Shellfish-free
            </label>
            <label
              for="pork-free"
            >
              <input
                id="pork-free"
                type="checkbox"
              />
              Pork-free
            </label>
            <label
              for="kosher"
            >
              <input
                id="kosher"
                type="checkbox"
              />
              Kosher
            </label>
          </fieldset>
          <fieldset
            class="cuisine"
          >
            <legend>
              Cuisine
            </legend>
            <label
              for="Asian"
            >
              <input
                id="Asian"
                type="checkbox"
              />
              Asian
            </label>
            <label
              for="Caribbean"
            >
              <input
                id="Caribbean"
                type="checkbox"
              />
              Caribbean
            </label>
            <label
              for="Chinese"
            >
              <input
                id="Chinese"
                type="checkbox"
              />
              Chinese
            </label>
            <label
              for="Eastern Europe"
            >
              <input
                id="Eastern Europe"
                type="checkbox"
              />
              East Europe
            </label>
            <label
              for="French"
            >
              <input
                id="French"
                type="checkbox"
              />
              French
            </label>
            <label
              for="Indian"
            >
              <input
                id="Indian"
                type="checkbox"
              />
              Indian
            </label>
            <label
              for="Italian"
            >
              <input
                id="Italian"
                type="checkbox"
              />
              Italian
            </label>
            <label
              for="Japanese"
            >
              <input
                id="Japanese"
                type="checkbox"
              />
              Japanese
            </label>
            <label
              for="Mediterranean"
            >
              <input
                id="Mediterranean"
                type="checkbox"
              />
              Mediterranean
            </label>
            <label
              for="Mexican"
            >
              <input
                id="Mexican"
                type="checkbox"
              />
              Mexican
            </label>
          </fieldset>
        </div>
      </form>
    </section>
    <hr />
    <div
      class="all-recipes"
    >
      <section
        class="favourites"
      >
        <h2>
          Favourites
        </h2>
        <div
          class="recipes"
        />
      </section>
      <hr />
      <section
        class="searchResults"
      >
        <h2>
          Search Results
        </h2>
        <div
          class="recipes"
        />
      </section>
    </div>
    <footer>
      <img
        alt="powered by Edamam"
        src="Edamam_Badge_Transparent.svg"
      />
      <p>
        Â© Tom Day 2022
      </p>
    </footer>
  </div>
</DocumentFragment>
`;
