// Jest Snapshot v1, https://goo.gl/fbAQLP

exports[`the Search component should render correctly 1`] = `
Object {
  "asFragment": [Function],
  "baseElement": <body>
    <div>
      <form>
        <input
          id="searchField"
          name="searchField"
          placeholder="Enter food to search"
          required=""
          type="text"
          value=""
        />
        <button
          type="submit"
        >
          Search Recipes
        </button>
        <p
          class="noShowPrompt"
        >
          Scroll down to see results
        </p>
        <div
          class="checkboxes"
        >
          <fieldset
            class="restrictions"
          >
            <legend>
              Restrictions
            </legend>
            <label
              for="gluten-free"
            >
              <input
                id="gluten-free"
                type="checkbox"
              />
              Gluten-free
            </label>
            <label
              for="dairy-free"
            >
              <input
                id="dairy-free"
                type="checkbox"
              />
              Dairy-free
            </label>
            <label
              for="vegetarian"
            >
              <input
                id="vegetarian"
                type="checkbox"
              />
              Vegetarian
            </label>
            <label
              for="vegan"
            >
              <input
                id="vegan"
                type="checkbox"
              />
              Vegan
            </label>
            <label
              for="egg-free"
            >
              <input
                id="egg-free"
                type="checkbox"
              />
              Egg-free
            </label>
            <label
              for="peanut-free"
            >
              <input
                id="peanut-free"
                type="checkbox"
              />
              Peanut-free
            </label>
            <label
              for="tree-nut-free"
            >
              <input
                id="tree-nut-free"
                type="checkbox"
              />
              Tree-nut-free
            </label>
            <label
              for="shellfish-free"
            >
              <input
                id="shellfish-free"
                type="checkbox"
              />
              Shellfish-free
            </label>
            <label
              for="pork-free"
            >
              <input
                id="pork-free"
                type="checkbox"
              />
              Pork-free
            </label>
            <label
              for="kosher"
            >
              <input
                id="kosher"
                type="checkbox"
              />
              Kosher
            </label>
          </fieldset>
          <fieldset
            class="cuisine"
          >
            <legend>
              Cuisine
            </legend>
            <label
              for="Asian"
            >
              <input
                id="Asian"
                type="checkbox"
              />
              Asian
            </label>
            <label
              for="Caribbean"
            >
              <input
                id="Caribbean"
                type="checkbox"
              />
              Caribbean
            </label>
            <label
              for="Chinese"
            >
              <input
                id="Chinese"
                type="checkbox"
              />
              Chinese
            </label>
            <label
              for="Eastern Europe"
            >
              <input
                id="Eastern Europe"
                type="checkbox"
              />
              East Europe
            </label>
            <label
              for="French"
            >
              <input
                id="French"
                type="checkbox"
              />
              French
            </label>
            <label
              for="Indian"
            >
              <input
                id="Indian"
                type="checkbox"
              />
              Indian
            </label>
            <label
              for="Italian"
            >
              <input
                id="Italian"
                type="checkbox"
              />
              Italian
            </label>
            <label
              for="Japanese"
            >
              <input
                id="Japanese"
                type="checkbox"
              />
              Japanese
            </label>
            <label
              for="Mediterranean"
            >
              <input
                id="Mediterranean"
                type="checkbox"
              />
              Mediterranean
            </label>
            <label
              for="Mexican"
            >
              <input
                id="Mexican"
                type="checkbox"
              />
              Mexican
            </label>
          </fieldset>
        </div>
      </form>
    </div>
  </body>,
  "container": <div>
    <form>
      <input
        id="searchField"
        name="searchField"
        placeholder="Enter food to search"
        required=""
        type="text"
        value=""
      />
      <button
        type="submit"
      >
        Search Recipes
      </button>
      <p
        class="noShowPrompt"
      >
        Scroll down to see results
      </p>
      <div
        class="checkboxes"
      >
        <fieldset
          class="restrictions"
        >
          <legend>
            Restrictions
          </legend>
          <label
            for="gluten-free"
          >
            <input
              id="gluten-free"
              type="checkbox"
            />
            Gluten-free
          </label>
          <label
            for="dairy-free"
          >
            <input
              id="dairy-free"
              type="checkbox"
            />
            Dairy-free
          </label>
          <label
            for="vegetarian"
          >
            <input
              id="vegetarian"
              type="checkbox"
            />
            Vegetarian
          </label>
          <label
            for="vegan"
          >
            <input
              id="vegan"
              type="checkbox"
            />
            Vegan
          </label>
          <label
            for="egg-free"
          >
            <input
              id="egg-free"
              type="checkbox"
            />
            Egg-free
          </label>
          <label
            for="peanut-free"
          >
            <input
              id="peanut-free"
              type="checkbox"
            />
            Peanut-free
          </label>
          <label
            for="tree-nut-free"
          >
            <input
              id="tree-nut-free"
              type="checkbox"
            />
            Tree-nut-free
          </label>
          <label
            for="shellfish-free"
          >
            <input
              id="shellfish-free"
              type="checkbox"
            />
            Shellfish-free
          </label>
          <label
            for="pork-free"
          >
            <input
              id="pork-free"
              type="checkbox"
            />
            Pork-free
          </label>
          <label
            for="kosher"
          >
            <input
              id="kosher"
              type="checkbox"
            />
            Kosher
          </label>
        </fieldset>
        <fieldset
          class="cuisine"
        >
          <legend>
            Cuisine
          </legend>
          <label
            for="Asian"
          >
            <input
              id="Asian"
              type="checkbox"
            />
            Asian
          </label>
          <label
            for="Caribbean"
          >
            <input
              id="Caribbean"
              type="checkbox"
            />
            Caribbean
          </label>
          <label
            for="Chinese"
          >
            <input
              id="Chinese"
              type="checkbox"
            />
            Chinese
          </label>
          <label
            for="Eastern Europe"
          >
            <input
              id="Eastern Europe"
              type="checkbox"
            />
            East Europe
          </label>
          <label
            for="French"
          >
            <input
              id="French"
              type="checkbox"
            />
            French
          </label>
          <label
            for="Indian"
          >
            <input
              id="Indian"
              type="checkbox"
            />
            Indian
          </label>
          <label
            for="Italian"
          >
            <input
              id="Italian"
              type="checkbox"
            />
            Italian
          </label>
          <label
            for="Japanese"
          >
            <input
              id="Japanese"
              type="checkbox"
            />
            Japanese
          </label>
          <label
            for="Mediterranean"
          >
            <input
              id="Mediterranean"
              type="checkbox"
            />
            Mediterranean
          </label>
          <label
            for="Mexican"
          >
            <input
              id="Mexican"
              type="checkbox"
            />
            Mexican
          </label>
        </fieldset>
      </div>
    </form>
  </div>,
  "debug": [Function],
  "findAllByAltText": [Function],
  "findAllByDisplayValue": [Function],
  "findAllByLabelText": [Function],
  "findAllByPlaceholderText": [Function],
  "findAllByRole": [Function],
  "findAllByTestId": [Function],
  "findAllByText": [Function],
  "findAllByTitle": [Function],
  "findByAltText": [Function],
  "findByDisplayValue": [Function],
  "findByLabelText": [Function],
  "findByPlaceholderText": [Function],
  "findByRole": [Function],
  "findByTestId": [Function],
  "findByText": [Function],
  "findByTitle": [Function],
  "getAllByAltText": [Function],
  "getAllByDisplayValue": [Function],
  "getAllByLabelText": [Function],
  "getAllByPlaceholderText": [Function],
  "getAllByRole": [Function],
  "getAllByTestId": [Function],
  "getAllByText": [Function],
  "getAllByTitle": [Function],
  "getByAltText": [Function],
  "getByDisplayValue": [Function],
  "getByLabelText": [Function],
  "getByPlaceholderText": [Function],
  "getByRole": [Function],
  "getByTestId": [Function],
  "getByText": [Function],
  "getByTitle": [Function],
  "queryAllByAltText": [Function],
  "queryAllByDisplayValue": [Function],
  "queryAllByLabelText": [Function],
  "queryAllByPlaceholderText": [Function],
  "queryAllByRole": [Function],
  "queryAllByTestId": [Function],
  "queryAllByText": [Function],
  "queryAllByTitle": [Function],
  "queryByAltText": [Function],
  "queryByDisplayValue": [Function],
  "queryByLabelText": [Function],
  "queryByPlaceholderText": [Function],
  "queryByRole": [Function],
  "queryByTestId": [Function],
  "queryByText": [Function],
  "queryByTitle": [Function],
  "rerender": [Function],
  "unmount": [Function],
}
`;
